server/services/agentEventBus.test.ts(34,31): error TS2345: Argument of type '"test.ping"' is not assignable to parameter of type '"*" | AgentBusEventType'.
server/services/agentEventBus.test.ts(38,33): error TS2345: Argument of type '"test.ping"' is not assignable to parameter of type 'AgentBusEventType'.
server/services/autonomousEnterpriseLevel6.test.ts(76,13): error TS18048: 'decomposeResult.decomposedSprints' is possibly 'undefined'.
server/services/autonomousEnterpriseLevel6.test.ts(99,5): error TS2322: Type '"engineering"' is not assignable to type '"system" | "marketing" | "sales" | "finance" | "ai_ops" | "delivery"'.
server/services/autonomousEnterpriseLevel6.test.ts(100,5): error TS2322: Type '"task.completed"' is not assignable to type 'SystemEventType'.
server/services/oneClickDeployService.test.ts(17,13): error TS18048: 'record.liveUrl' is possibly 'undefined'.
server/services/sentientEnterprisePhase7.test.ts(1192,68): error TS2307: Cannot find module './esgImpactMarketplaceEngine.ts' or its corresponding type declarations.
server/services/sentientEnterprisePhase7.test.ts(1361,21): error TS2339: Property 'creatorSharePercent' does not exist on type 'RevenueSharingData'.
server/services/sentientEnterprisePhase7.test.ts(1371,63): error TS2307: Cannot find module './postQuantumVaultEngine.ts' or its corresponding type declarations.
server/services/sentientEnterprisePhase7.test.ts(1372,61): error TS2307: Cannot find module './patentAutoDraftingEngine.ts' or its corresponding type declarations.
server/services/sentientEnterprisePhase7.test.ts(1373,64): error TS2307: Cannot find module './virtualDataRoomEngine.ts' or its corresponding type declarations.
server/services/sentientEnterprisePhase7.test.ts(1374,59): error TS2307: Cannot find module './iotEdgeScaleSyncEngine.ts' or its corresponding type declarations.
server/services/sentientEnterprisePhase7.test.ts(1376,73): error TS2307: Cannot find module './knowledgeGraphMeshEngine.ts' or its corresponding type declarations.
server/services/sentientEnterprisePhase7.test.ts(1394,32): error TS7006: Parameter 'f' implicitly has an 'any' type.
server/services/sentientEnterprisePhase7.test.ts(1453,66): error TS2307: Cannot find module './satelliteOfflineMeshEngine.ts' or its corresponding type declarations.
server/services/sentientEnterprisePhase7.test.ts(1454,69): error TS2307: Cannot find module './spatialAccountingBoardroomEngine.ts' or its corresponding type declarations.
server/services/sentientEnterprisePhase7.test.ts(1455,73): error TS2307: Cannot find module './sovereignTransferPricingEngine.ts' or its corresponding type declarations.
server/services/sentientEnterprisePhase7.test.ts(1456,63): error TS2307: Cannot find module './droneLidarInventoryEngine.ts' or its corresponding type declarations.
server/services/sentientEnterprisePhase7.test.ts(1457,65): error TS2307: Cannot find module './zeroKnowledgeAuditEngine.ts' or its corresponding type declarations.
server/services/sentientEnterprisePhase7.test.ts(1458,66): error TS2307: Cannot find module './overnightYieldSweepEngine.ts' or its corresponding type declarations.
server/services/sentientEnterprisePhase7.test.ts(1459,67): error TS2307: Cannot find module './smartContractEscrowEngine.ts' or its corresponding type declarations.
server/services/sentientEnterprisePhase7.test.ts(1460,68): error TS2307: Cannot find module './macroeconomicStressSimulatorEngine.ts' or its corresponding type declarations.
server/services/sentientEnterprisePhase7.test.ts(1461,74): error TS2307: Cannot find module './sentientSingularityEngine.ts' or its corresponding type declarations.
src/app/ErpApp.tsx(641,84): error TS2322: Type '{ activeSegment: TabType; activeRole: RoleType; isSoloMode: boolean; onNavigate: (tab: TabType, subTab?: string | undefined) => void; }' is not assignable to type 'IntrinsicAttributes & WorkspaceRendererProps'.
  Property 'isSoloMode' does not exist on type 'IntrinsicAttributes & WorkspaceRendererProps'.
src/components/glacia/GlaciaCommandCockpit.tsx(110,5): error TS2304: Cannot find name 'setIsRoundTableActive'.
src/components/glacia/GlaciaCommandCockpit.tsx(111,74): error TS2304: Cannot find name 'roundTableTopic'.
src/components/glacia/GlaciaCommandCockpit.tsx(117,80): error TS2304: Cannot find name 'roundTableTopic'.
src/components/glacia/GlaciaCommandCockpit.tsx(178,64): error TS2304: Cannot find name 'userName'.
src/components/glacia/GlaciaCommandCockpit.tsx(178,83): error TS2304: Cannot find name 'userName'.
src/components/glacia/GlaciaCommandCockpit.tsx(178,96): error TS2304: Cannot find name 'persona'.
src/components/glacia/GlaciaCommandCockpit.tsx(415,32): error TS2304: Cannot find name 'Brain'.
src/components/glacia/GlaciaCompanion.tsx(89,9): error TS2304: Cannot find name 'openLiveVoiceCall'.
src/components/glacia/GlaciaCompanion.tsx(92,9): error TS2304: Cannot find name 'setIsBriefingOpen'.
src/components/glacia/GlaciaCompanion.tsx(92,28): error TS7006: Parameter 'v' implicitly has an 'any' type.
src/components/glacia/GlaciaCompanion.tsx(94,9): error TS2304: Cannot find name 'setRadialWheelOpen'.
src/components/glacia/GlaciaCompanion.tsx(95,9): error TS2304: Cannot find name 'setQuickInputOpen'.
src/components/glacia/GlaciaCompanion.tsx(100,22): error TS2304: Cannot find name 'openLiveVoiceCall'.
src/components/glacia/GlaciaCompanion.tsx(139,10): error TS2304: Cannot find name 'quickPrompt'.
src/components/glacia/GlaciaCompanion.tsx(140,25): error TS2304: Cannot find name 'quickPrompt'.
src/components/glacia/GlaciaCompanion.tsx(141,5): error TS2304: Cannot find name 'setQuickPrompt'.
src/components/glacia/GlaciaCompanion.tsx(142,5): error TS2304: Cannot find name 'setQuickInputOpen'.
src/components/glacia/GlaciaCompanion.tsx(146,5): error TS2304: Cannot find name 'setRadialWheelOpen'.
src/components/glacia/GlaciaCompanion.tsx(154,9): error TS2304: Cannot find name 'openLiveVoiceCall'.
src/components/glacia/GlaciaCompanion.tsx(157,9): error TS2304: Cannot find name 'startEmbodiedTour'.
src/components/glacia/GlaciaCompanion.tsx(161,9): error TS2304: Cannot find name 'setMood'.
src/components/glacia/GlaciaCompanion.tsx(162,9): error TS2304: Cannot find name 'setSpeechBubble'.
src/components/glacia/GlaciaCompanion.tsx(163,9): error TS2304: Cannot find name 'addTrustScore'.
src/components/glacia/GlaciaCompanion.tsx(166,9): error TS2304: Cannot find name 'dispatchGoalToSubAgents'.
src/components/glacia/GlaciaCompanion.tsx(169,9): error TS2304: Cannot find name 'dispatchGoalToSubAgents'.
src/components/glacia/GlaciaCompanion.tsx(172,9): error TS2304: Cannot find name 'dispatchGoalToSubAgents'.
src/components/glacia/GlaciaCompanion.tsx(175,9): error TS2304: Cannot find name 'setQuickInputOpen'.
src/components/glacia/GlaciaCompanion.tsx(179,9): error TS2304: Cannot find name 'setMood'.
src/components/glacia/GlaciaCompanion.tsx(180,9): error TS2304: Cannot find name 'setSpeechBubble'.
src/components/glacia/GlaciaCompanion.tsx(181,9): error TS2304: Cannot find name 'addTrustScore'.
src/components/glacia/GlaciaCompanion.tsx(182,26): error TS2304: Cannot find name 'setMood'.
src/components/glacia/GlaciaCompanion.tsx(193,48): error TS2304: Cannot find name 'TrendingUp'.
src/components/glacia/GlaciaCompanion.tsx(194,45): error TS2304: Cannot find name 'DollarSign'.
src/components/glacia/GlaciaCompanion.tsx(195,44): error TS2304: Cannot find name 'Code2'.
src/components/glacia/GlaciaCompanion.tsx(196,52): error TS2304: Cannot find name 'PhoneCall'.
src/components/glacia/GlaciaCompanion.tsx(197,49): error TS2304: Cannot find name 'RotateCw'.
src/components/glacia/GlaciaCompanion.tsx(199,43): error TS2304: Cannot find name 'Heart'.
src/modules/ai-nhan-su/ai-assistant/BackupsTab.tsx(73,29): error TS2339: Property 'timestamp' does not exist on type 'BackupEntry'.
src/modules/ai-nhan-su/ai-assistant/BackupsTab.tsx(75,18): error TS2339: Property 'description' does not exist on type 'BackupEntry'.
src/modules/ai-nhan-su/ai-assistant/BackupsTab.tsx(77,22): error TS2339: Property 'description' does not exist on type 'BackupEntry'.
src/modules/ai-nhan-su/AIAssistantPanel.tsx(802,15): error TS1113: A 'default' clause cannot appear more than once in a 'switch' statement.
src/modules/ai-nhan-su/AIAssistantPanel.tsx(879,69): error TS2304: Cannot find name 'FileSearch'.
src/modules/ai-nhan-su/AIAssistantPanel.tsx(881,61): error TS2304: Cannot find name 'HardDrive'.
